error: string literal must contain only printable characters and backslash codes.
