error: string literal must begin with quotation mark.
