error: hex backslash code code must be a printable character.
