error: hex backslash code must be of valid form \0xHH.
