error: string literal must end with quotation mark.
