"000000000000000000000000000000000000000000000000000000000000000000000000000000000000000000000000000000000This string contains exactly 255 characters!000000000000000000000000000000000000000000000000000000000000000000000000000000000000000000000000000000000\n"
